
______________________________Downloading & Storing Images____________

File '/images/283/airplane.png' already present
>>> Thread(139792646117120) - Downloading 'airplane.png' ....
File '/images/283/arctichare.png' already present
>>> Thread(139792646117120) - Downloading 'arctichare.png' ....
File '/images/131/baboon.png' already present
>>> Thread(139792646117120) - Downloading 'baboon.png' ....
File '/images/131/barbara.bmp' already present
>>> Thread(139792637724416) - Downloading 'barbara.bmp' ....
File '/images/131/barbara.png' already present
>>> Thread(139792646117120) - Downloading 'barbara.png' ....
File '/images/131/boat.png' already present
>>> Thread(139792629331712) - Downloading 'boat.png' ....
File '/images/481/271947.jpg' already present
>>> Thread(139792637724416) - Downloading '271947.jpg' ....
File '/images/481/24174.jpg' already present
>>> Thread(139792260003584) - Downloading '24174.jpg' ....
File '/images/32/boy.bmp' already present
>>> Thread(139792612546304) - Downloading 'boy.bmp' ....
 File '/images/32/boy.ppm' already present
>>> Thread(139792646117120) - Downloading 'boy.ppm' ....File '/images/547/cameraman.tif' already present
>>> Thread(139792629331712) - Downloading 'cameraman.tif' ....

File '/images/79/cat.png' already present
>>> Thread(139792604153600) - Downloading 'cat.png' ....
File '/images/50/fprint3.pgm' already present
>>> Thread(139792637724416) - Downloading 'fprint3.pgm' ....
File '/images/879/zelda.png' already present
>>> Thread(139792646117120) - Downloading 'zelda.png' ....
File '/images/414/pool.png' already present
>>> Thread(139792620939008) - Downloading 'pool.png' ....
File '/images/184/serrano.png' already present
>>> Thread(139792620939008) - Downloading 'serrano.png' ....
File '/images/50/fruits.png' already present
>>> Thread(139792260003584) - Downloading 'fruits.png' ....
File '/images/50/frymire.png' already present
>>> Thread(139792612546304) - Downloading 'frymire.png' ....
File '/images/364/girl.png' already present
>>> Thread(139792604153600) - Downloading 'girl.png' ....
File '/images/364/goldhill.png' already presentFile '/images/364/goldhill.bmp' already present
>>> Thread(139792637724416) - Downloading 'goldhill.png' ....File '/images/597/lena.bmp' already present
>>> Thread(139792646117120) - Downloading 'lena.bmp' ....

>>> Thread(139792612546304) - Downloading 'goldhill.bmp' ....

File '/images/597/lena.ppm' already present
>>> Thread(139792637724416) - Downloading 'lena.ppm' ....File '/images/597/lena.png' already present
>>> Thread(139792251610880) - Downloading 'lena.png' ....

File '/images/215/Lenaclor.ppm' already present
>>> Thread(139792629331712) - Downloading 'Lenaclor.ppm' ....
File '/images/832/mountain.bmp' already present
>>> Thread(139792604153600) - Downloading 'mountain.bmp' ....
File '/images/414/p64int.txt' already present
>>> Thread(139792646117120) - Downloading 'p64int.txt' ....
File '/images/832/mountain.png' already presentFile '/images/414/peppers.png' already present
>>> Thread(139792620939008) - Downloading 'peppers.png' ....

>>> Thread(139792612546304) - Downloading 'mountain.png' ....
File '/images/184/sails.bmp' already present
>>> Thread(139792260003584) - Downloading 'sails.bmp' ....
File '/images/184/sails.png' already present
File '/images/231/tulips.png' already present
>>> Thread(139792646117120) - Downloading 'tulips.png' ....
>>> Thread(139792251610880) - Downloading 'sails.png' ....
File '/images/646/us021.pgm' already present
>>> Thread(139792637724416) - Downloading 'us021.pgm' ....
File '/images/366/watch.png' already present
>>> Thread(139792637724416) - Downloading 'watch.png' ....
File '/images/646/us092.pgm' already present
>>> Thread(139792646117120) - Downloading 'us092.pgm' ....

______________________________Report Summary__________________________

{'failure': 0, 'success': 35}

______________________________Logging errors to error-file____________


______________________________Look up checks__________________________

lookup: file '/images/131/barbara.png' Found!
lookup: file '/images/283/airplane.png' Found!
lookup: file '/images/131/boat.png' Found!
lookup: file '/images/131/boat2.png' Not found!
